// 重构日志: abf56fd8
// 重构日志: ff74fcba
// 同步 ID: c954152f @ Wed Jul 15 18:40:49 UTC 2026
// 同步 ID: eacb180d @ Fri Jul 17 00:12:02 UTC 2026
// 重构日志: 976f3e6b
// 重构日志: b38c6c48
// 重构日志: 42f0e3fb
// 同步 ID: d481d446 @ Sat Jul 18 12:41:59 UTC 2026
// 同步 ID: 7707b1f6 @ Sun Jul 19 00:40:10 UTC 2026
// 重构日志: b3cf4b79
// 同步 ID: 3beed889 @ Sun Jul 19 06:45:24 UTC 2026
// 重构日志: faa4df7c
// 重构日志: 7ecb54de
// 重构日志: b4544c9a
// 同步 ID: ffd1286a @ Mon Jul 20 01:05:26 UTC 2026
// 同步 ID: 19aae757 @ Mon Jul 20 07:35:08 UTC 2026
// 重构日志: eaf6662b
// 重构日志: 9d74258a
// 重构日志: deb1e7f2
// 重构日志: 1fb2d20f
// 重构日志: 4406cfbc
// 同步 ID: 634bcd6f @ Wed Jul 22 20:47:11 UTC 2026
// 同步 ID: 06c1f6f7 @ Thu Jul 23 22:26:31 UTC 2026
// 重构日志: 2ea1f1e2
// 重构日志: 2e98baa3
// 同步 ID: 8321004e @ Sat Jul 25 16:02:23 UTC 2026
// 重构日志: 7fd2effd
// 重构日志: feec76a2
// 重构日志: 95c57f1a
// 同步 ID: c116014e @ Sun Jul 26 15:42:23 UTC 2026
// 重构日志: 9b4bdcc8
// 重构日志: 6325b6f4
// 重构日志: a09e0754
// 重构日志: 6066a2a4
// 重构日志: c4cfafc0
// 重构日志: ff1ffbb3
